[16:56:06] [INFO] [console.__main__] Iniciando sistema de bots...
[16:56:06] [INFO] [console.Plugin.Core.Agents.BaseAgent] [CHECKPOINT] No checkpoint found for ExplorerBot
[16:56:06] [INFO] [console.Plugin.Core.Agents.Builder.BuilderBot] [BUILDER] Loading templates from ./Schematics/
[16:56:06] [INFO] [console.Plugin.Core.Agents.Builder.BuilderBot] [BUILDER] Loading template 'esencias' (esencias.schem)...
[16:56:06] [INFO] [console.Plugin.Core.Agents.Builder.BuilderBot] [BUILDER] Loaded template 'esencias' (123×38×77, 359898 blocks)
[16:56:06] [INFO] [console.Plugin.Core.Agents.Builder.BuilderBot] [BUILDER] Loading template 'importar' (importar.schem)...
[16:56:06] [INFO] [console.Plugin.Core.Agents.Builder.BuilderBot] [BUILDER] Loaded template 'importar' (13×10×14, 1820 blocks)
[16:56:06] [INFO] [console.Plugin.Core.Agents.BaseAgent] [CHECKPOINT] No checkpoint found for BuilderBot
[16:56:06] [INFO] [console.Plugin.Core.Agents.BaseAgent] [CHECKPOINT] No checkpoint found for MinerBot
[16:56:06] [INFO] [console.Plugin.Core.Agents.BaseAgent] [CHECKPOINT] No checkpoint found for MinerBot
[16:56:06] [INFO] [console.Plugin.Core.Agents.BaseAgent] [CHECKPOINT] WorldstateBot restored from C:\Users\marcr\OneDrive\Escritorio\Universidad_TAP_prac_Minecraft\AdventuresInMinecraft-PC-master\MyAdventures\Plugin\Saves\WorldstateBot.json
[16:56:06] [INFO] [console.Plugin.Core.Agents.BaseAgent] [CHECKPOINT] WorldstateBot restored from C:\Users\marcr\OneDrive\Escritorio\Universidad_TAP_prac_Minecraft\AdventuresInMinecraft-PC-master\MyAdventures\Plugin\Saves\WorldstateBot.json
[16:56:06] [INFO] [console.Plugin.Core.Listener.Chatlistener] [CHAT LISTENER] Bot registrado: explorer
[16:56:06] [INFO] [console.Plugin.Core.Listener.Chatlistener] [CHAT LISTENER] Bot registrado: miner
[16:56:06] [INFO] [console.Plugin.Core.Listener.Chatlistener] [CHAT LISTENER] Bot registrado: builder
[16:56:06] [INFO] [console.Plugin.Core.Listener.Chatlistener] [CHAT LISTENER] Bot registrado: worldstate
[16:56:06] [INFO] [console.__main__] Bots registrados correctamente.
[16:56:06] [INFO] [console.Plugin.Core.Listener.Chatlistener] [CHAT LISTENER] Iniciado
[16:56:06] [INFO] [console.Plugin.Core.Agents.BaseAgent] [AUTO-RESUME] Agent 'WorldstateBot' resumed from RUNNING
[16:56:06] [INFO] [console.Plugin.Core.Listener.Chatlistener] [CHAT LISTENER] Escuchando mensajes...
[16:56:09] [INFO] [console.Plugin.Core.Agents.Explorer.ExplorerBot] [EXPLORER] Start request: x=0 z=0 range=30
[16:56:09] [INFO] [console.Plugin.Core.Agents.BaseAgent] [START] Agent 'ExplorerBot' started
[16:56:10] [INFO] [console.Plugin.Core.Agents.Explorer.ExplorerBot] [EXPLORER] Validación: AREA_FREE (3000/3000 coords válidas)
[16:56:10] [INFO] [console.Plugin.Core.Agents.Explorer.ExplorerBot] [EXPLORER] Percibiendo coordenadas (16,-7) con altura 92
[16:56:10] [INFO] [console.Plugin.Core.Agents.Explorer.ExplorerBot] [EXPLORER] Percibiendo coordenadas (16,-6) con altura 92
[16:56:10] [INFO] [console.Plugin.Core.Agents.Explorer.ExplorerBot] [EXPLORER] Percibiendo coordenadas (16,-5) con altura 92
[16:56:10] [INFO] [console.Plugin.Core.Agents.Explorer.ExplorerBot] [EXPLORER] Percibiendo coordenadas (16,-4) con altura 92
[16:56:10] [INFO] [console.Plugin.Core.Agents.Explorer.ExplorerBot] [EXPLORER] Percibiendo coordenadas (16,-3) con altura 94
[16:56:10] [INFO] [console.Plugin.Core.Agents.Explorer.ExplorerBot] [EXPLORER] Percibiendo coordenadas (16,-2) con altura 96
[16:56:10] [INFO] [console.Plugin.Core.Agents.Explorer.ExplorerBot] [EXPLORER] Percibiendo coordenadas (16,-1) con altura 96
[16:56:10] [INFO] [console.Plugin.Core.Agents.Explorer.ExplorerBot] [EXPLORER] Percibiendo coordenadas (16,0) con altura 96
[16:56:11] [INFO] [console.Plugin.Core.Agents.Explorer.ExplorerBot] [EXPLORER] Percibiendo coordenadas (16,1) con altura 89
[16:56:11] [INFO] [console.Plugin.Core.Agents.Explorer.ExplorerBot] [EXPLORER] Percibiendo coordenadas (16,2) con altura 88
[16:56:11] [INFO] [console.Plugin.Core.Agents.Explorer.ExplorerBot] [EXPLORER] Percibiendo coordenadas (17,-7) con altura 93
[16:56:11] [INFO] [console.Plugin.Core.Agents.Explorer.ExplorerBot] [EXPLORER] Percibiendo coordenadas (17,-6) con altura 92
[16:56:11] [INFO] [console.Plugin.Core.Agents.Explorer.ExplorerBot] [EXPLORER] Percibiendo coordenadas (17,-5) con altura 92
[16:56:11] [INFO] [console.Plugin.Core.Agents.Explorer.ExplorerBot] [EXPLORER] Percibiendo coordenadas (17,-4) con altura 93
[16:56:11] [INFO] [console.Plugin.Core.Agents.Explorer.ExplorerBot] [EXPLORER] Percibiendo coordenadas (17,-3) con altura 96
[16:56:11] [INFO] [console.Plugin.Core.Agents.Explorer.ExplorerBot] [EXPLORER] Percibiendo coordenadas (17,-2) con altura 96
[16:56:11] [INFO] [console.Plugin.Core.Agents.Explorer.ExplorerBot] [EXPLORER] Percibiendo coordenadas (17,-1) con altura 97
[16:56:11] [INFO] [console.Plugin.Core.Agents.Explorer.ExplorerBot] [EXPLORER] Percibiendo coordenadas (17,0) con altura 96
[16:56:11] [INFO] [console.Plugin.Core.Agents.Explorer.ExplorerBot] [EXPLORER] Percibiendo coordenadas (17,1) con altura 96
[16:56:11] [INFO] [console.Plugin.Core.Agents.Explorer.ExplorerBot] [EXPLORER] Percibiendo coordenadas (17,2) con altura 87
[16:56:11] [INFO] [console.Plugin.Core.Agents.Explorer.ExplorerBot] [EXPLORER] Percibiendo coordenadas (18,-7) con altura 93
[16:56:12] [INFO] [console.Plugin.Core.Agents.Explorer.ExplorerBot] [EXPLORER] Percibiendo coordenadas (18,-6) con altura 93
[16:56:12] [INFO] [console.Plugin.Core.Agents.Explorer.ExplorerBot] [EXPLORER] Percibiendo coordenadas (18,-5) con altura 92
[16:56:12] [INFO] [console.Plugin.Core.Agents.Explorer.ExplorerBot] [EXPLORER] Percibiendo coordenadas (18,-4) con altura 92
[16:56:12] [INFO] [console.Plugin.Core.Agents.Explorer.ExplorerBot] [EXPLORER] Percibiendo coordenadas (18,-3) con altura 96
[16:56:12] [INFO] [console.Plugin.Core.Agents.Explorer.ExplorerBot] [EXPLORER] Percibiendo coordenadas (18,-2) con altura 97
[16:56:12] [INFO] [console.Plugin.Core.Agents.Explorer.ExplorerBot] [EXPLORER] Percibiendo coordenadas (18,-1) con altura 97
[16:56:12] [INFO] [console.Plugin.Core.Agents.Explorer.ExplorerBot] [EXPLORER] Percibiendo coordenadas (18,0) con altura 97
[16:56:12] [INFO] [console.Plugin.Core.Agents.Explorer.ExplorerBot] [EXPLORER] Percibiendo coordenadas (18,1) con altura 96
[16:56:12] [INFO] [console.Plugin.Core.Agents.Explorer.ExplorerBot] [EXPLORER] Percibiendo coordenadas (18,2) con altura 87
[16:56:12] [INFO] [console.Plugin.Core.Agents.Explorer.ExplorerBot] [EXPLORER] Percibiendo coordenadas (19,-7) con altura 93
[16:56:12] [INFO] [console.Plugin.Core.Agents.Explorer.ExplorerBot] [EXPLORER] Percibiendo coordenadas (19,-6) con altura 92
[16:56:12] [INFO] [console.Plugin.Core.Agents.Explorer.ExplorerBot] [EXPLORER] Percibiendo coordenadas (19,-5) con altura 91
[16:56:12] [INFO] [console.Plugin.Core.Agents.Explorer.ExplorerBot] [EXPLORER] Percibiendo coordenadas (19,-4) con altura 91
[16:56:12] [INFO] [console.Plugin.Core.Agents.Explorer.ExplorerBot] [EXPLORER] Percibiendo coordenadas (19,-3) con altura 96
[16:56:13] [INFO] [console.Plugin.Core.Agents.Explorer.ExplorerBot] [EXPLORER] Percibiendo coordenadas (19,-2) con altura 96
[16:56:13] [INFO] [console.Plugin.Core.Agents.Explorer.ExplorerBot] [EXPLORER] Percibiendo coordenadas (19,-1) con altura 97
[16:56:13] [INFO] [console.Plugin.Core.Agents.Explorer.ExplorerBot] [EXPLORER] Percibiendo coordenadas (19,0) con altura 99
[16:56:13] [INFO] [console.Plugin.Core.Agents.Explorer.ExplorerBot] [EXPLORER] Percibiendo coordenadas (19,1) con altura 99
[16:56:13] [INFO] [console.Plugin.Core.Agents.Explorer.ExplorerBot] [EXPLORER] Percibiendo coordenadas (19,2) con altura 99
[16:56:13] [INFO] [console.Plugin.Core.Agents.Explorer.ExplorerBot] [EXPLORER] Percibiendo coordenadas (20,-7) con altura 92
[16:56:13] [INFO] [console.Plugin.Core.Agents.Explorer.ExplorerBot] [EXPLORER] Percibiendo coordenadas (20,-6) con altura 92
[16:56:13] [INFO] [console.Plugin.Core.Agents.Explorer.ExplorerBot] [EXPLORER] Percibiendo coordenadas (20,-5) con altura 92
[16:56:13] [INFO] [console.Plugin.Core.Agents.Explorer.ExplorerBot] [EXPLORER] Percibiendo coordenadas (20,-4) con altura 92
[16:56:13] [INFO] [console.Plugin.Core.Agents.Explorer.ExplorerBot] [EXPLORER] Percibiendo coordenadas (20,-3) con altura 95
[16:56:13] [INFO] [console.Plugin.Core.Agents.Explorer.ExplorerBot] [EXPLORER] Percibiendo coordenadas (20,-2) con altura 96
[16:56:13] [INFO] [console.Plugin.Core.Agents.Explorer.ExplorerBot] [EXPLORER] Percibiendo coordenadas (20,-1) con altura 96
[16:56:13] [INFO] [console.Plugin.Core.Agents.Explorer.ExplorerBot] [EXPLORER] Percibiendo coordenadas (20,0) con altura 99
[16:56:14] [INFO] [console.Plugin.Core.Agents.Explorer.ExplorerBot] [EXPLORER] Percibiendo coordenadas (20,1) con altura 100
[16:56:14] [INFO] [console.Plugin.Core.Agents.Explorer.ExplorerBot] [EXPLORER] Percibiendo coordenadas (20,2) con altura 101
[16:56:14] [INFO] [console.Plugin.Core.Agents.Explorer.ExplorerBot] [EXPLORER] Percibiendo coordenadas (21,-7) con altura 92
[16:56:14] [INFO] [console.Plugin.Core.Agents.Explorer.ExplorerBot] [EXPLORER] Percibiendo coordenadas (21,-6) con altura 93
[16:56:14] [INFO] [console.Plugin.Core.Agents.Explorer.ExplorerBot] [EXPLORER] Percibiendo coordenadas (21,-5) con altura 93
[16:56:14] [INFO] [console.Plugin.Core.Agents.Explorer.ExplorerBot] [EXPLORER] Percibiendo coordenadas (21,-4) con altura 93
[16:56:14] [INFO] [console.Plugin.Core.Agents.Explorer.ExplorerBot] [EXPLORER] Percibiendo coordenadas (21,-3) con altura 93
[16:56:14] [INFO] [console.Plugin.Core.Agents.Explorer.ExplorerBot] [EXPLORER] Percibiendo coordenadas (21,-2) con altura 95
[16:56:14] [INFO] [console.Plugin.Core.Agents.Explorer.ExplorerBot] [EXPLORER] Percibiendo coordenadas (21,-1) con altura 95
[16:56:14] [INFO] [console.Plugin.Core.Agents.Explorer.ExplorerBot] [EXPLORER] Percibiendo coordenadas (21,0) con altura 99
[16:56:14] [INFO] [console.Plugin.Core.Agents.Explorer.ExplorerBot] [EXPLORER] Percibiendo coordenadas (21,1) con altura 101
[16:56:14] [INFO] [console.Plugin.Core.Agents.BaseAgent] [CHECKPOINT] ExplorerBot saved to C:\Users\marcr\OneDrive\Escritorio\Universidad_TAP_prac_Minecraft\AdventuresInMinecraft-PC-master\MyAdventures\Plugin\Saves\ExplorerBot.json
[16:56:14] [INFO] [console.Plugin.Core.Agents.BaseAgent] [CHECKPOINT] WorldstateBot saved to C:\Users\marcr\OneDrive\Escritorio\Universidad_TAP_prac_Minecraft\AdventuresInMinecraft-PC-master\MyAdventures\Plugin\Saves\WorldstateBot.json
